CRITICAL - 2025-04-18 01:48:16 --> ErrorException: Cannot redeclare App\Controllers\BaseController::giaodienClient()
[Method: GET, Route: admin/login]
in APPPATH\Controllers\BaseController.php on line 67.
 1 [internal function]: CodeIgniter\Debug\Exceptions->shutdownHandler()
CRITICAL - 2025-04-18 01:48:17 --> ErrorException: Cannot redeclare App\Controllers\BaseController::giaodienClient()
[Method: GET, Route: admin/login]
in APPPATH\Controllers\BaseController.php on line 67.
 1 [internal function]: CodeIgniter\Debug\Exceptions->shutdownHandler()
CRITICAL - 2025-04-18 01:48:18 --> ErrorException: Cannot redeclare App\Controllers\BaseController::giaodienClient()
[Method: GET, Route: admin/login]
in APPPATH\Controllers\BaseController.php on line 67.
 1 [internal function]: CodeIgniter\Debug\Exceptions->shutdownHandler()
CRITICAL - 2025-04-18 01:48:25 --> ErrorException: Cannot redeclare App\Controllers\BaseController::giaodienClient()
[Method: GET, Route: admin/login]
in APPPATH\Controllers\BaseController.php on line 67.
 1 [internal function]: CodeIgniter\Debug\Exceptions->shutdownHandler()
CRITICAL - 2025-04-18 01:48:25 --> ErrorException: Cannot redeclare App\Controllers\BaseController::giaodienClient()
[Method: GET, Route: admin/login]
in APPPATH\Controllers\BaseController.php on line 67.
 1 [internal function]: CodeIgniter\Debug\Exceptions->shutdownHandler()
CRITICAL - 2025-04-18 01:51:30 --> ErrorException: Cannot redeclare App\Controllers\BaseController::giaodienClient()
[Method: GET, Route: admin/login]
in APPPATH\Controllers\BaseController.php on line 67.
 1 [internal function]: CodeIgniter\Debug\Exceptions->shutdownHandler()
CRITICAL - 2025-04-18 01:51:42 --> ErrorException: Cannot redeclare App\Controllers\BaseController::giaodienClient()
[Method: GET, Route: /]
in APPPATH\Controllers\BaseController.php on line 67.
 1 [internal function]: CodeIgniter\Debug\Exceptions->shutdownHandler()
CRITICAL - 2025-04-18 01:51:43 --> ErrorException: Cannot redeclare App\Controllers\BaseController::giaodienClient()
[Method: GET, Route: /]
in APPPATH\Controllers\BaseController.php on line 67.
 1 [internal function]: CodeIgniter\Debug\Exceptions->shutdownHandler()
CRITICAL - 2025-04-18 01:52:08 --> ErrorException: Cannot redeclare App\Controllers\BaseController::giaodienClient()
[Method: GET, Route: /]
in APPPATH\Controllers\BaseController.php on line 67.
 1 [internal function]: CodeIgniter\Debug\Exceptions->shutdownHandler()
CRITICAL - 2025-04-18 01:52:17 --> ErrorException: Cannot redeclare App\Controllers\BaseController::giaodienClient()
[Method: GET, Route: /]
in APPPATH\Controllers\BaseController.php on line 67.
 1 [internal function]: CodeIgniter\Debug\Exceptions->shutdownHandler()
CRITICAL - 2025-04-18 01:52:22 --> ErrorException: Cannot redeclare App\Controllers\BaseController::giaodienClient()
[Method: GET, Route: admin/login]
in APPPATH\Controllers\BaseController.php on line 67.
 1 [internal function]: CodeIgniter\Debug\Exceptions->shutdownHandler()
CRITICAL - 2025-04-18 02:00:50 --> ErrorException: Cannot redeclare App\Controllers\BaseController::giaodienClient()
[Method: GET, Route: admin/login]
in APPPATH\Controllers\BaseController.php on line 67.
 1 [internal function]: CodeIgniter\Debug\Exceptions->shutdownHandler()
CRITICAL - 2025-04-18 02:01:04 --> ErrorException: Cannot redeclare App\Controllers\BaseController::giaodienClient()
[Method: GET, Route: /]
in APPPATH\Controllers\BaseController.php on line 67.
 1 [internal function]: CodeIgniter\Debug\Exceptions->shutdownHandler()
CRITICAL - 2025-04-18 02:07:07 --> CodeIgniter\View\Exceptions\ViewException: Invalid file: "admin/dasboard.php"
[Method: GET, Route: admin/dashboard]
in SYSTEMPATH\Exceptions\FrameworkException.php on line 39.
 1 SYSTEMPATH\View\View.php(212): CodeIgniter\Exceptions\FrameworkException::forInvalidFile('admin/dasboard.php')
 2 SYSTEMPATH\Common.php(1173): CodeIgniter\View\View->render('admin/dasboard', [], true)
 3 APPPATH\Controllers\admin\Dashboard.php(10): view('admin/dasboard', [...])
 4 SYSTEMPATH\CodeIgniter.php(933): App\Controllers\admin\Dashboard->index()
 5 SYSTEMPATH\CodeIgniter.php(507): CodeIgniter\CodeIgniter->runController(Object(App\Controllers\admin\Dashboard))
 6 SYSTEMPATH\CodeIgniter.php(354): CodeIgniter\CodeIgniter->handleRequest(null, Object(Config\Cache), false)
 7 SYSTEMPATH\Boot.php(334): CodeIgniter\CodeIgniter->run()
 8 SYSTEMPATH\Boot.php(67): CodeIgniter\Boot::runCodeIgniter(Object(CodeIgniter\CodeIgniter))
 9 FCPATH\index.php(55): CodeIgniter\Boot::bootWeb(Object(Config\Paths))
10 SYSTEMPATH\rewrite.php(44): require_once('E:\\github\\codeigniter\\public\\index.php')
ERROR - 2025-04-18 03:07:26 --> mysqli_sql_exception: Invalid default value for 'date' in E:\github\codeigniter\system\Database\MySQLi\Connection.php:327
Stack trace:
#0 E:\github\codeigniter\system\Database\MySQLi\Connection.php(327): mysqli->query('CREATE TABLE `a...', 0)
#1 E:\github\codeigniter\system\Database\BaseConnection.php(738): CodeIgniter\Database\MySQLi\Connection->execute('CREATE TABLE `a...')
#2 E:\github\codeigniter\system\Database\BaseConnection.php(652): CodeIgniter\Database\BaseConnection->simpleQuery('CREATE TABLE `a...')
#3 E:\github\codeigniter\system\Database\Forge.php(570): CodeIgniter\Database\BaseConnection->query('CREATE TABLE `a...')
#4 E:\github\codeigniter\app\Database\Migrations\2025-04-18-025858_CreateAdminTable.php(42): CodeIgniter\Database\Forge->createTable('admin')
#5 E:\github\codeigniter\system\Database\MigrationRunner.php(866): App\Database\Migrations\CreateAdminTable->up()
#6 E:\github\codeigniter\system\Database\MigrationRunner.php(182): CodeIgniter\Database\MigrationRunner->migrate('up', Object(stdClass))
#7 E:\github\codeigniter\system\Commands\Database\Migrate.php(85): CodeIgniter\Database\MigrationRunner->latest(NULL)
#8 E:\github\codeigniter\system\CLI\Commands.php(70): CodeIgniter\Commands\Database\Migrate->run(Array)
#9 E:\github\codeigniter\system\CLI\Console.php(48): CodeIgniter\CLI\Commands->run('migrate', Array)
#10 E:\github\codeigniter\system\Boot.php(360): CodeIgniter\CLI\Console->run()
#11 E:\github\codeigniter\system\Boot.php(104): CodeIgniter\Boot::runCommand(Object(CodeIgniter\CLI\Console))
#12 E:\github\codeigniter\spark(84): CodeIgniter\Boot::bootSpark(Object(Config\Paths))
#13 {main}
