CRITICAL - 2025-04-09 01:59:11 --> ErrorException: Undefined variable $has_current_table
[Method: GET, Route: /]
in APPPATH\Views\client\index.php on line 133.
 1 APPPATH\Views\client\index.php(133): CodeIgniter\Debug\Exceptions->errorHandler(2, 'Undefined variable $has_current_table', 'E:\\github\\codeigniter\\app\\Views\\client\\index.php', 133)
 2 SYSTEMPATH\View\View.php(224): include('E:\\github\\codeigniter\\app\\Views\\client\\index.php')
 3 SYSTEMPATH\View\View.php(227): CodeIgniter\View\View->CodeIgniter\View\{closure}()
 4 SYSTEMPATH\Common.php(1173): CodeIgniter\View\View->render('client/index', [], true)
 5 APPPATH\Controllers\Home.php(9): view('client/index')
 6 SYSTEMPATH\CodeIgniter.php(933): App\Controllers\Home->index()
 7 SYSTEMPATH\CodeIgniter.php(507): CodeIgniter\CodeIgniter->runController(Object(App\Controllers\Home))
 8 SYSTEMPATH\CodeIgniter.php(354): CodeIgniter\CodeIgniter->handleRequest(null, Object(Config\Cache), false)
 9 SYSTEMPATH\Boot.php(334): CodeIgniter\CodeIgniter->run()
10 SYSTEMPATH\Boot.php(67): CodeIgniter\Boot::runCodeIgniter(Object(CodeIgniter\CodeIgniter))
11 FCPATH\index.php(56): CodeIgniter\Boot::bootWeb(Object(Config\Paths))
12 SYSTEMPATH\rewrite.php(44): require_once('E:\\github\\codeigniter\\public\\index.php')
CRITICAL - 2025-04-09 01:59:28 --> ErrorException: Undefined variable $has_current_table
[Method: GET, Route: /]
in APPPATH\Views\client\index.php on line 133.
 1 APPPATH\Views\client\index.php(133): CodeIgniter\Debug\Exceptions->errorHandler(2, 'Undefined variable $has_current_table', 'E:\\github\\codeigniter\\app\\Views\\client\\index.php', 133)
 2 SYSTEMPATH\View\View.php(224): include('E:\\github\\codeigniter\\app\\Views\\client\\index.php')
 3 SYSTEMPATH\View\View.php(227): CodeIgniter\View\View->CodeIgniter\View\{closure}()
 4 SYSTEMPATH\Common.php(1173): CodeIgniter\View\View->render('client/index', [], true)
 5 APPPATH\Controllers\Home.php(9): view('client/index')
 6 SYSTEMPATH\CodeIgniter.php(933): App\Controllers\Home->index()
 7 SYSTEMPATH\CodeIgniter.php(507): CodeIgniter\CodeIgniter->runController(Object(App\Controllers\Home))
 8 SYSTEMPATH\CodeIgniter.php(354): CodeIgniter\CodeIgniter->handleRequest(null, Object(Config\Cache), false)
 9 SYSTEMPATH\Boot.php(334): CodeIgniter\CodeIgniter->run()
10 SYSTEMPATH\Boot.php(67): CodeIgniter\Boot::runCodeIgniter(Object(CodeIgniter\CodeIgniter))
11 FCPATH\index.php(56): CodeIgniter\Boot::bootWeb(Object(Config\Paths))
12 SYSTEMPATH\rewrite.php(44): require_once('E:\\github\\codeigniter\\public\\index.php')
CRITICAL - 2025-04-09 01:59:29 --> ErrorException: Undefined variable $has_current_table
[Method: GET, Route: /]
in APPPATH\Views\client\index.php on line 133.
 1 APPPATH\Views\client\index.php(133): CodeIgniter\Debug\Exceptions->errorHandler(2, 'Undefined variable $has_current_table', 'E:\\github\\codeigniter\\app\\Views\\client\\index.php', 133)
 2 SYSTEMPATH\View\View.php(224): include('E:\\github\\codeigniter\\app\\Views\\client\\index.php')
 3 SYSTEMPATH\View\View.php(227): CodeIgniter\View\View->CodeIgniter\View\{closure}()
 4 SYSTEMPATH\Common.php(1173): CodeIgniter\View\View->render('client/index', [], true)
 5 APPPATH\Controllers\Home.php(9): view('client/index')
 6 SYSTEMPATH\CodeIgniter.php(933): App\Controllers\Home->index()
 7 SYSTEMPATH\CodeIgniter.php(507): CodeIgniter\CodeIgniter->runController(Object(App\Controllers\Home))
 8 SYSTEMPATH\CodeIgniter.php(354): CodeIgniter\CodeIgniter->handleRequest(null, Object(Config\Cache), false)
 9 SYSTEMPATH\Boot.php(334): CodeIgniter\CodeIgniter->run()
10 SYSTEMPATH\Boot.php(67): CodeIgniter\Boot::runCodeIgniter(Object(CodeIgniter\CodeIgniter))
11 FCPATH\index.php(56): CodeIgniter\Boot::bootWeb(Object(Config\Paths))
12 SYSTEMPATH\rewrite.php(44): require_once('E:\\github\\codeigniter\\public\\index.php')
CRITICAL - 2025-04-09 02:00:16 --> ErrorException: Undefined variable $has_current_table
[Method: GET, Route: /]
in APPPATH\Views\client\index.php on line 133.
 1 APPPATH\Views\client\index.php(133): CodeIgniter\Debug\Exceptions->errorHandler(2, 'Undefined variable $has_current_table', 'E:\\github\\codeigniter\\app\\Views\\client\\index.php', 133)
 2 SYSTEMPATH\View\View.php(224): include('E:\\github\\codeigniter\\app\\Views\\client\\index.php')
 3 SYSTEMPATH\View\View.php(227): CodeIgniter\View\View->CodeIgniter\View\{closure}()
 4 SYSTEMPATH\Common.php(1173): CodeIgniter\View\View->render('client/index', [], true)
 5 APPPATH\Controllers\Home.php(9): view('client/index')
 6 SYSTEMPATH\CodeIgniter.php(933): App\Controllers\Home->index()
 7 SYSTEMPATH\CodeIgniter.php(507): CodeIgniter\CodeIgniter->runController(Object(App\Controllers\Home))
 8 SYSTEMPATH\CodeIgniter.php(354): CodeIgniter\CodeIgniter->handleRequest(null, Object(Config\Cache), false)
 9 SYSTEMPATH\Boot.php(334): CodeIgniter\CodeIgniter->run()
10 SYSTEMPATH\Boot.php(67): CodeIgniter\Boot::runCodeIgniter(Object(CodeIgniter\CodeIgniter))
11 FCPATH\index.php(56): CodeIgniter\Boot::bootWeb(Object(Config\Paths))
12 SYSTEMPATH\rewrite.php(44): require_once('E:\\github\\codeigniter\\public\\index.php')
CRITICAL - 2025-04-09 02:00:17 --> ErrorException: Undefined variable $has_current_table
[Method: GET, Route: /]
in APPPATH\Views\client\index.php on line 133.
 1 APPPATH\Views\client\index.php(133): CodeIgniter\Debug\Exceptions->errorHandler(2, 'Undefined variable $has_current_table', 'E:\\github\\codeigniter\\app\\Views\\client\\index.php', 133)
 2 SYSTEMPATH\View\View.php(224): include('E:\\github\\codeigniter\\app\\Views\\client\\index.php')
 3 SYSTEMPATH\View\View.php(227): CodeIgniter\View\View->CodeIgniter\View\{closure}()
 4 SYSTEMPATH\Common.php(1173): CodeIgniter\View\View->render('client/index', [], true)
 5 APPPATH\Controllers\Home.php(9): view('client/index')
 6 SYSTEMPATH\CodeIgniter.php(933): App\Controllers\Home->index()
 7 SYSTEMPATH\CodeIgniter.php(507): CodeIgniter\CodeIgniter->runController(Object(App\Controllers\Home))
 8 SYSTEMPATH\CodeIgniter.php(354): CodeIgniter\CodeIgniter->handleRequest(null, Object(Config\Cache), false)
 9 SYSTEMPATH\Boot.php(334): CodeIgniter\CodeIgniter->run()
10 SYSTEMPATH\Boot.php(67): CodeIgniter\Boot::runCodeIgniter(Object(CodeIgniter\CodeIgniter))
11 FCPATH\index.php(56): CodeIgniter\Boot::bootWeb(Object(Config\Paths))
12 SYSTEMPATH\rewrite.php(44): require_once('E:\\github\\codeigniter\\public\\index.php')
CRITICAL - 2025-04-09 02:00:17 --> ErrorException: Undefined variable $has_current_table
[Method: GET, Route: /]
in APPPATH\Views\client\index.php on line 133.
 1 APPPATH\Views\client\index.php(133): CodeIgniter\Debug\Exceptions->errorHandler(2, 'Undefined variable $has_current_table', 'E:\\github\\codeigniter\\app\\Views\\client\\index.php', 133)
 2 SYSTEMPATH\View\View.php(224): include('E:\\github\\codeigniter\\app\\Views\\client\\index.php')
 3 SYSTEMPATH\View\View.php(227): CodeIgniter\View\View->CodeIgniter\View\{closure}()
 4 SYSTEMPATH\Common.php(1173): CodeIgniter\View\View->render('client/index', [], true)
 5 APPPATH\Controllers\Home.php(9): view('client/index')
 6 SYSTEMPATH\CodeIgniter.php(933): App\Controllers\Home->index()
 7 SYSTEMPATH\CodeIgniter.php(507): CodeIgniter\CodeIgniter->runController(Object(App\Controllers\Home))
 8 SYSTEMPATH\CodeIgniter.php(354): CodeIgniter\CodeIgniter->handleRequest(null, Object(Config\Cache), false)
 9 SYSTEMPATH\Boot.php(334): CodeIgniter\CodeIgniter->run()
10 SYSTEMPATH\Boot.php(67): CodeIgniter\Boot::runCodeIgniter(Object(CodeIgniter\CodeIgniter))
11 FCPATH\index.php(56): CodeIgniter\Boot::bootWeb(Object(Config\Paths))
12 SYSTEMPATH\rewrite.php(44): require_once('E:\\github\\codeigniter\\public\\index.php')
CRITICAL - 2025-04-09 02:01:08 --> ErrorException: Undefined variable $has_current_table
[Method: GET, Route: /]
in APPPATH\Views\client\index.php on line 133.
 1 APPPATH\Views\client\index.php(133): CodeIgniter\Debug\Exceptions->errorHandler(2, 'Undefined variable $has_current_table', 'E:\\github\\codeigniter\\app\\Views\\client\\index.php', 133)
 2 SYSTEMPATH\View\View.php(224): include('E:\\github\\codeigniter\\app\\Views\\client\\index.php')
 3 SYSTEMPATH\View\View.php(227): CodeIgniter\View\View->CodeIgniter\View\{closure}()
 4 SYSTEMPATH\Common.php(1173): CodeIgniter\View\View->render('client/index', [], true)
 5 APPPATH\Controllers\Home.php(9): view('client/index')
 6 SYSTEMPATH\CodeIgniter.php(933): App\Controllers\Home->index()
 7 SYSTEMPATH\CodeIgniter.php(507): CodeIgniter\CodeIgniter->runController(Object(App\Controllers\Home))
 8 SYSTEMPATH\CodeIgniter.php(354): CodeIgniter\CodeIgniter->handleRequest(null, Object(Config\Cache), false)
 9 SYSTEMPATH\Boot.php(334): CodeIgniter\CodeIgniter->run()
10 SYSTEMPATH\Boot.php(67): CodeIgniter\Boot::runCodeIgniter(Object(CodeIgniter\CodeIgniter))
11 FCPATH\index.php(56): CodeIgniter\Boot::bootWeb(Object(Config\Paths))
12 SYSTEMPATH\rewrite.php(44): require_once('E:\\github\\codeigniter\\public\\index.php')
CRITICAL - 2025-04-09 02:02:01 --> ErrorException: Undefined variable $current_table
[Method: GET, Route: /]
in APPPATH\Views\client\index.php on line 135.
 1 APPPATH\Views\client\index.php(135): CodeIgniter\Debug\Exceptions->errorHandler(2, 'Undefined variable $current_table', 'E:\\github\\codeigniter\\app\\Views\\client\\index.php', 135)
 2 SYSTEMPATH\View\View.php(224): include('E:\\github\\codeigniter\\app\\Views\\client\\index.php')
 3 SYSTEMPATH\View\View.php(227): CodeIgniter\View\View->CodeIgniter\View\{closure}()
 4 SYSTEMPATH\Common.php(1173): CodeIgniter\View\View->render('client/index', [], true)
 5 APPPATH\Controllers\Home.php(9): view('client/index')
 6 SYSTEMPATH\CodeIgniter.php(933): App\Controllers\Home->index()
 7 SYSTEMPATH\CodeIgniter.php(507): CodeIgniter\CodeIgniter->runController(Object(App\Controllers\Home))
 8 SYSTEMPATH\CodeIgniter.php(354): CodeIgniter\CodeIgniter->handleRequest(null, Object(Config\Cache), false)
 9 SYSTEMPATH\Boot.php(334): CodeIgniter\CodeIgniter->run()
10 SYSTEMPATH\Boot.php(67): CodeIgniter\Boot::runCodeIgniter(Object(CodeIgniter\CodeIgniter))
11 FCPATH\index.php(56): CodeIgniter\Boot::bootWeb(Object(Config\Paths))
12 SYSTEMPATH\rewrite.php(44): require_once('E:\\github\\codeigniter\\public\\index.php')
CRITICAL - 2025-04-09 02:02:02 --> ErrorException: Undefined variable $current_table
[Method: GET, Route: /]
in APPPATH\Views\client\index.php on line 135.
 1 APPPATH\Views\client\index.php(135): CodeIgniter\Debug\Exceptions->errorHandler(2, 'Undefined variable $current_table', 'E:\\github\\codeigniter\\app\\Views\\client\\index.php', 135)
 2 SYSTEMPATH\View\View.php(224): include('E:\\github\\codeigniter\\app\\Views\\client\\index.php')
 3 SYSTEMPATH\View\View.php(227): CodeIgniter\View\View->CodeIgniter\View\{closure}()
 4 SYSTEMPATH\Common.php(1173): CodeIgniter\View\View->render('client/index', [], true)
 5 APPPATH\Controllers\Home.php(9): view('client/index')
 6 SYSTEMPATH\CodeIgniter.php(933): App\Controllers\Home->index()
 7 SYSTEMPATH\CodeIgniter.php(507): CodeIgniter\CodeIgniter->runController(Object(App\Controllers\Home))
 8 SYSTEMPATH\CodeIgniter.php(354): CodeIgniter\CodeIgniter->handleRequest(null, Object(Config\Cache), false)
 9 SYSTEMPATH\Boot.php(334): CodeIgniter\CodeIgniter->run()
10 SYSTEMPATH\Boot.php(67): CodeIgniter\Boot::runCodeIgniter(Object(CodeIgniter\CodeIgniter))
11 FCPATH\index.php(56): CodeIgniter\Boot::bootWeb(Object(Config\Paths))
12 SYSTEMPATH\rewrite.php(44): require_once('E:\\github\\codeigniter\\public\\index.php')
CRITICAL - 2025-04-09 02:02:02 --> ErrorException: Undefined variable $current_table
[Method: GET, Route: /]
in APPPATH\Views\client\index.php on line 135.
 1 APPPATH\Views\client\index.php(135): CodeIgniter\Debug\Exceptions->errorHandler(2, 'Undefined variable $current_table', 'E:\\github\\codeigniter\\app\\Views\\client\\index.php', 135)
 2 SYSTEMPATH\View\View.php(224): include('E:\\github\\codeigniter\\app\\Views\\client\\index.php')
 3 SYSTEMPATH\View\View.php(227): CodeIgniter\View\View->CodeIgniter\View\{closure}()
 4 SYSTEMPATH\Common.php(1173): CodeIgniter\View\View->render('client/index', [], true)
 5 APPPATH\Controllers\Home.php(9): view('client/index')
 6 SYSTEMPATH\CodeIgniter.php(933): App\Controllers\Home->index()
 7 SYSTEMPATH\CodeIgniter.php(507): CodeIgniter\CodeIgniter->runController(Object(App\Controllers\Home))
 8 SYSTEMPATH\CodeIgniter.php(354): CodeIgniter\CodeIgniter->handleRequest(null, Object(Config\Cache), false)
 9 SYSTEMPATH\Boot.php(334): CodeIgniter\CodeIgniter->run()
10 SYSTEMPATH\Boot.php(67): CodeIgniter\Boot::runCodeIgniter(Object(CodeIgniter\CodeIgniter))
11 FCPATH\index.php(56): CodeIgniter\Boot::bootWeb(Object(Config\Paths))
12 SYSTEMPATH\rewrite.php(44): require_once('E:\\github\\codeigniter\\public\\index.php')
CRITICAL - 2025-04-09 02:02:03 --> ErrorException: Undefined variable $current_table
[Method: GET, Route: /]
in APPPATH\Views\client\index.php on line 135.
 1 APPPATH\Views\client\index.php(135): CodeIgniter\Debug\Exceptions->errorHandler(2, 'Undefined variable $current_table', 'E:\\github\\codeigniter\\app\\Views\\client\\index.php', 135)
 2 SYSTEMPATH\View\View.php(224): include('E:\\github\\codeigniter\\app\\Views\\client\\index.php')
 3 SYSTEMPATH\View\View.php(227): CodeIgniter\View\View->CodeIgniter\View\{closure}()
 4 SYSTEMPATH\Common.php(1173): CodeIgniter\View\View->render('client/index', [], true)
 5 APPPATH\Controllers\Home.php(9): view('client/index')
 6 SYSTEMPATH\CodeIgniter.php(933): App\Controllers\Home->index()
 7 SYSTEMPATH\CodeIgniter.php(507): CodeIgniter\CodeIgniter->runController(Object(App\Controllers\Home))
 8 SYSTEMPATH\CodeIgniter.php(354): CodeIgniter\CodeIgniter->handleRequest(null, Object(Config\Cache), false)
 9 SYSTEMPATH\Boot.php(334): CodeIgniter\CodeIgniter->run()
10 SYSTEMPATH\Boot.php(67): CodeIgniter\Boot::runCodeIgniter(Object(CodeIgniter\CodeIgniter))
11 FCPATH\index.php(56): CodeIgniter\Boot::bootWeb(Object(Config\Paths))
12 SYSTEMPATH\rewrite.php(44): require_once('E:\\github\\codeigniter\\public\\index.php')
CRITICAL - 2025-04-09 02:02:30 --> ErrorException: Undefined variable $current_table
[Method: GET, Route: /]
in APPPATH\Views\client\index.php on line 135.
 1 APPPATH\Views\client\index.php(135): CodeIgniter\Debug\Exceptions->errorHandler(2, 'Undefined variable $current_table', 'E:\\github\\codeigniter\\app\\Views\\client\\index.php', 135)
 2 SYSTEMPATH\View\View.php(224): include('E:\\github\\codeigniter\\app\\Views\\client\\index.php')
 3 SYSTEMPATH\View\View.php(227): CodeIgniter\View\View->CodeIgniter\View\{closure}()
 4 SYSTEMPATH\Common.php(1173): CodeIgniter\View\View->render('client/index', [], true)
 5 APPPATH\Controllers\Home.php(9): view('client/index')
 6 SYSTEMPATH\CodeIgniter.php(933): App\Controllers\Home->index()
 7 SYSTEMPATH\CodeIgniter.php(507): CodeIgniter\CodeIgniter->runController(Object(App\Controllers\Home))
 8 SYSTEMPATH\CodeIgniter.php(354): CodeIgniter\CodeIgniter->handleRequest(null, Object(Config\Cache), false)
 9 SYSTEMPATH\Boot.php(334): CodeIgniter\CodeIgniter->run()
10 SYSTEMPATH\Boot.php(67): CodeIgniter\Boot::runCodeIgniter(Object(CodeIgniter\CodeIgniter))
11 FCPATH\index.php(56): CodeIgniter\Boot::bootWeb(Object(Config\Paths))
12 SYSTEMPATH\rewrite.php(44): require_once('E:\\github\\codeigniter\\public\\index.php')
CRITICAL - 2025-04-09 02:02:32 --> ErrorException: Undefined variable $current_table
[Method: GET, Route: /]
in APPPATH\Views\client\index.php on line 135.
 1 APPPATH\Views\client\index.php(135): CodeIgniter\Debug\Exceptions->errorHandler(2, 'Undefined variable $current_table', 'E:\\github\\codeigniter\\app\\Views\\client\\index.php', 135)
 2 SYSTEMPATH\View\View.php(224): include('E:\\github\\codeigniter\\app\\Views\\client\\index.php')
 3 SYSTEMPATH\View\View.php(227): CodeIgniter\View\View->CodeIgniter\View\{closure}()
 4 SYSTEMPATH\Common.php(1173): CodeIgniter\View\View->render('client/index', [], true)
 5 APPPATH\Controllers\Home.php(9): view('client/index')
 6 SYSTEMPATH\CodeIgniter.php(933): App\Controllers\Home->index()
 7 SYSTEMPATH\CodeIgniter.php(507): CodeIgniter\CodeIgniter->runController(Object(App\Controllers\Home))
 8 SYSTEMPATH\CodeIgniter.php(354): CodeIgniter\CodeIgniter->handleRequest(null, Object(Config\Cache), false)
 9 SYSTEMPATH\Boot.php(334): CodeIgniter\CodeIgniter->run()
10 SYSTEMPATH\Boot.php(67): CodeIgniter\Boot::runCodeIgniter(Object(CodeIgniter\CodeIgniter))
11 FCPATH\index.php(56): CodeIgniter\Boot::bootWeb(Object(Config\Paths))
12 SYSTEMPATH\rewrite.php(44): require_once('E:\\github\\codeigniter\\public\\index.php')
CRITICAL - 2025-04-09 02:02:33 --> ErrorException: Undefined variable $current_table
[Method: GET, Route: /]
in APPPATH\Views\client\index.php on line 135.
 1 APPPATH\Views\client\index.php(135): CodeIgniter\Debug\Exceptions->errorHandler(2, 'Undefined variable $current_table', 'E:\\github\\codeigniter\\app\\Views\\client\\index.php', 135)
 2 SYSTEMPATH\View\View.php(224): include('E:\\github\\codeigniter\\app\\Views\\client\\index.php')
 3 SYSTEMPATH\View\View.php(227): CodeIgniter\View\View->CodeIgniter\View\{closure}()
 4 SYSTEMPATH\Common.php(1173): CodeIgniter\View\View->render('client/index', [], true)
 5 APPPATH\Controllers\Home.php(9): view('client/index')
 6 SYSTEMPATH\CodeIgniter.php(933): App\Controllers\Home->index()
 7 SYSTEMPATH\CodeIgniter.php(507): CodeIgniter\CodeIgniter->runController(Object(App\Controllers\Home))
 8 SYSTEMPATH\CodeIgniter.php(354): CodeIgniter\CodeIgniter->handleRequest(null, Object(Config\Cache), false)
 9 SYSTEMPATH\Boot.php(334): CodeIgniter\CodeIgniter->run()
10 SYSTEMPATH\Boot.php(67): CodeIgniter\Boot::runCodeIgniter(Object(CodeIgniter\CodeIgniter))
11 FCPATH\index.php(56): CodeIgniter\Boot::bootWeb(Object(Config\Paths))
12 SYSTEMPATH\rewrite.php(44): require_once('E:\\github\\codeigniter\\public\\index.php')
CRITICAL - 2025-04-09 02:02:33 --> ErrorException: Undefined variable $current_table
[Method: GET, Route: /]
in APPPATH\Views\client\index.php on line 135.
 1 APPPATH\Views\client\index.php(135): CodeIgniter\Debug\Exceptions->errorHandler(2, 'Undefined variable $current_table', 'E:\\github\\codeigniter\\app\\Views\\client\\index.php', 135)
 2 SYSTEMPATH\View\View.php(224): include('E:\\github\\codeigniter\\app\\Views\\client\\index.php')
 3 SYSTEMPATH\View\View.php(227): CodeIgniter\View\View->CodeIgniter\View\{closure}()
 4 SYSTEMPATH\Common.php(1173): CodeIgniter\View\View->render('client/index', [], true)
 5 APPPATH\Controllers\Home.php(9): view('client/index')
 6 SYSTEMPATH\CodeIgniter.php(933): App\Controllers\Home->index()
 7 SYSTEMPATH\CodeIgniter.php(507): CodeIgniter\CodeIgniter->runController(Object(App\Controllers\Home))
 8 SYSTEMPATH\CodeIgniter.php(354): CodeIgniter\CodeIgniter->handleRequest(null, Object(Config\Cache), false)
 9 SYSTEMPATH\Boot.php(334): CodeIgniter\CodeIgniter->run()
10 SYSTEMPATH\Boot.php(67): CodeIgniter\Boot::runCodeIgniter(Object(CodeIgniter\CodeIgniter))
11 FCPATH\index.php(56): CodeIgniter\Boot::bootWeb(Object(Config\Paths))
12 SYSTEMPATH\rewrite.php(44): require_once('E:\\github\\codeigniter\\public\\index.php')
CRITICAL - 2025-04-09 02:02:34 --> ErrorException: Undefined variable $current_table
[Method: GET, Route: /]
in APPPATH\Views\client\index.php on line 135.
 1 APPPATH\Views\client\index.php(135): CodeIgniter\Debug\Exceptions->errorHandler(2, 'Undefined variable $current_table', 'E:\\github\\codeigniter\\app\\Views\\client\\index.php', 135)
 2 SYSTEMPATH\View\View.php(224): include('E:\\github\\codeigniter\\app\\Views\\client\\index.php')
 3 SYSTEMPATH\View\View.php(227): CodeIgniter\View\View->CodeIgniter\View\{closure}()
 4 SYSTEMPATH\Common.php(1173): CodeIgniter\View\View->render('client/index', [], true)
 5 APPPATH\Controllers\Home.php(9): view('client/index')
 6 SYSTEMPATH\CodeIgniter.php(933): App\Controllers\Home->index()
 7 SYSTEMPATH\CodeIgniter.php(507): CodeIgniter\CodeIgniter->runController(Object(App\Controllers\Home))
 8 SYSTEMPATH\CodeIgniter.php(354): CodeIgniter\CodeIgniter->handleRequest(null, Object(Config\Cache), false)
 9 SYSTEMPATH\Boot.php(334): CodeIgniter\CodeIgniter->run()
10 SYSTEMPATH\Boot.php(67): CodeIgniter\Boot::runCodeIgniter(Object(CodeIgniter\CodeIgniter))
11 FCPATH\index.php(56): CodeIgniter\Boot::bootWeb(Object(Config\Paths))
12 SYSTEMPATH\rewrite.php(44): require_once('E:\\github\\codeigniter\\public\\index.php')
CRITICAL - 2025-04-09 02:02:43 --> ErrorException: Undefined variable $current_table
[Method: GET, Route: /]
in APPPATH\Views\client\index.php on line 135.
 1 APPPATH\Views\client\index.php(135): CodeIgniter\Debug\Exceptions->errorHandler(2, 'Undefined variable $current_table', 'E:\\github\\codeigniter\\app\\Views\\client\\index.php', 135)
 2 SYSTEMPATH\View\View.php(224): include('E:\\github\\codeigniter\\app\\Views\\client\\index.php')
 3 SYSTEMPATH\View\View.php(227): CodeIgniter\View\View->CodeIgniter\View\{closure}()
 4 SYSTEMPATH\Common.php(1173): CodeIgniter\View\View->render('client/index', [], true)
 5 APPPATH\Controllers\Home.php(9): view('client/index')
 6 SYSTEMPATH\CodeIgniter.php(933): App\Controllers\Home->index()
 7 SYSTEMPATH\CodeIgniter.php(507): CodeIgniter\CodeIgniter->runController(Object(App\Controllers\Home))
 8 SYSTEMPATH\CodeIgniter.php(354): CodeIgniter\CodeIgniter->handleRequest(null, Object(Config\Cache), false)
 9 SYSTEMPATH\Boot.php(334): CodeIgniter\CodeIgniter->run()
10 SYSTEMPATH\Boot.php(67): CodeIgniter\Boot::runCodeIgniter(Object(CodeIgniter\CodeIgniter))
11 FCPATH\index.php(56): CodeIgniter\Boot::bootWeb(Object(Config\Paths))
12 SYSTEMPATH\rewrite.php(44): require_once('E:\\github\\codeigniter\\public\\index.php')
CRITICAL - 2025-04-09 02:04:42 --> ErrorException: Undefined variable $current_table
[Method: GET, Route: /]
in APPPATH\Views\client\index.php on line 135.
 1 APPPATH\Views\client\index.php(135): CodeIgniter\Debug\Exceptions->errorHandler(2, 'Undefined variable $current_table', 'E:\\github\\codeigniter\\app\\Views\\client\\index.php', 135)
 2 SYSTEMPATH\View\View.php(224): include('E:\\github\\codeigniter\\app\\Views\\client\\index.php')
 3 SYSTEMPATH\View\View.php(227): CodeIgniter\View\View->CodeIgniter\View\{closure}()
 4 SYSTEMPATH\Common.php(1173): CodeIgniter\View\View->render('client/index', [], true)
 5 APPPATH\Controllers\Home.php(9): view('client/index')
 6 SYSTEMPATH\CodeIgniter.php(933): App\Controllers\Home->index()
 7 SYSTEMPATH\CodeIgniter.php(507): CodeIgniter\CodeIgniter->runController(Object(App\Controllers\Home))
 8 SYSTEMPATH\CodeIgniter.php(354): CodeIgniter\CodeIgniter->handleRequest(null, Object(Config\Cache), false)
 9 SYSTEMPATH\Boot.php(334): CodeIgniter\CodeIgniter->run()
10 SYSTEMPATH\Boot.php(67): CodeIgniter\Boot::runCodeIgniter(Object(CodeIgniter\CodeIgniter))
11 FCPATH\index.php(56): CodeIgniter\Boot::bootWeb(Object(Config\Paths))
12 SYSTEMPATH\rewrite.php(44): require_once('E:\\github\\codeigniter\\public\\index.php')
CRITICAL - 2025-04-09 02:05:29 --> ErrorException: Undefined variable $current_table
[Method: GET, Route: /]
in APPPATH\Views\client\index.php on line 135.
 1 APPPATH\Views\client\index.php(135): CodeIgniter\Debug\Exceptions->errorHandler(2, 'Undefined variable $current_table', 'E:\\github\\codeigniter\\app\\Views\\client\\index.php', 135)
 2 SYSTEMPATH\View\View.php(224): include('E:\\github\\codeigniter\\app\\Views\\client\\index.php')
 3 SYSTEMPATH\View\View.php(227): CodeIgniter\View\View->CodeIgniter\View\{closure}()
 4 SYSTEMPATH\Common.php(1173): CodeIgniter\View\View->render('client/index', [], true)
 5 APPPATH\Controllers\Home.php(9): view('client/index')
 6 SYSTEMPATH\CodeIgniter.php(933): App\Controllers\Home->index()
 7 SYSTEMPATH\CodeIgniter.php(507): CodeIgniter\CodeIgniter->runController(Object(App\Controllers\Home))
 8 SYSTEMPATH\CodeIgniter.php(354): CodeIgniter\CodeIgniter->handleRequest(null, Object(Config\Cache), false)
 9 SYSTEMPATH\Boot.php(334): CodeIgniter\CodeIgniter->run()
10 SYSTEMPATH\Boot.php(67): CodeIgniter\Boot::runCodeIgniter(Object(CodeIgniter\CodeIgniter))
11 FCPATH\index.php(56): CodeIgniter\Boot::bootWeb(Object(Config\Paths))
12 SYSTEMPATH\rewrite.php(44): require_once('E:\\github\\codeigniter\\public\\index.php')
